// Jest Snapshot v1, https://goo.gl/fbAQLP

exports[`Text match snapshot 1`] = `
<Text
  accessible={true}
  allowFontScaling={true}
  ellipsizeMode="tail"
  style={
    Object {
      "color": "white",
    }
  }
>
  default value
</Text>
`;
