// Jest Snapshot v1, https://goo.gl/fbAQLP

exports[`PageExample test render Testing snapshot 1`] = `
<Component
  style={
    Object {
      "alignItems": "center",
      "backgroundColor": "#512DA8",
      "flex": 1,
      "justifyContent": "center",
    }
  }
>
  <Text
    id="app.name"
    m="default message"
  />
  <Text
    m="default message"
  >
    Description
  </Text>
</Component>
`;
